Keyboard.h:24:9:readCol	16	static
Keyboard.h:31:6:setCol	16	static
Keyboard.h:43:6:init_Keyboard	16	static
Keyboard.h:52:6:keyboardCallback	16	static
main.c:78:5:main	8	static
main.c:129:6:SystemClock_Config	88	static
main.c:171:13:MX_ADC1_Init	24	static
main.c:218:13:MX_TIM3_Init	32	static
main.c:260:13:MX_TIM11_Init	8	static
main.c:289:13:MX_USART2_UART_Init	8	static
main.c:318:13:MX_DMA_Init	16	static
main.c:335:13:MX_GPIO_Init	48	static
main.c:374:6:scanKeyboard	16	static
main.c:391:6:HAL_ADC_ConvHalfCpltCallback	16	static
main.c:395:6:HAL_ADC_ConvCpltCallback	16	static
main.c:399:6:HAL_TIM_PeriodElapsedCallback	16	static
main.c:405:6:calculateAvgAndSend	208	static
main.c:428:6:Error_Handler	4	static,ignoring_inline_asm
