IRtransceiver.h:27:6:sendString	24	static
IRtransceiver.h:38:6:sendByte	16	static
Accelerometer.h:53:7:convertToAcc	16	static
main.c:90:5:main	48	static
main.c:165:6:SystemClock_Config	88	static
main.c:210:13:MX_I2C1_Init	8	static
main.c:244:13:MX_SPI1_Init	8	static
main.c:282:13:MX_TIM1_Init	32	static
main.c:328:13:MX_TIM2_Init	64	static
main.c:387:13:MX_TIM11_Init	8	static
main.c:418:13:MX_USART1_UART_Init	8	static
main.c:451:13:MX_USART2_UART_Init	8	static
main.c:482:13:MX_DMA_Init	16	static
main.c:507:13:MX_GPIO_Init	48	static
main.c:566:6:HAL_TIM_PeriodElapsedCallback	16	static
main.c:600:6:HAL_UART_RxCpltCallback	48	static
main.c:622:19:init_accelerometer	56	static
main.c:637:6:HAL_I2C_MasterRxCpltCallback	16	static
main.c:653:19:readRegDMA	40	static
main.c:677:19:writeReg	32	static
main.c:688:19:sampleDMA	16	static
main.c:697:6:sendSampleDMA	64	static
main.c:714:6:Error_Handler	4	static,ignoring_inline_asm
