stm32f4xx_it.c:79:6:NMI_Handler	4	static
stm32f4xx_it.c:94:6:HardFault_Handler	4	static
stm32f4xx_it.c:109:6:MemManage_Handler	4	static
stm32f4xx_it.c:124:6:BusFault_Handler	4	static
stm32f4xx_it.c:139:6:UsageFault_Handler	4	static
stm32f4xx_it.c:154:6:SVC_Handler	4	static
stm32f4xx_it.c:167:6:DebugMon_Handler	4	static
stm32f4xx_it.c:180:6:PendSV_Handler	4	static
stm32f4xx_it.c:193:6:SysTick_Handler	8	static
stm32f4xx_it.c:214:6:DMA1_Stream0_IRQHandler	8	static
stm32f4xx_it.c:228:6:DMA1_Stream6_IRQHandler	8	static
stm32f4xx_it.c:242:6:TIM1_BRK_TIM9_IRQHandler	8	static
stm32f4xx_it.c:256:6:TIM1_UP_TIM10_IRQHandler	8	static
stm32f4xx_it.c:270:6:TIM1_TRG_COM_TIM11_IRQHandler	8	static
stm32f4xx_it.c:285:6:TIM2_IRQHandler	8	static
stm32f4xx_it.c:299:6:I2C1_EV_IRQHandler	8	static
stm32f4xx_it.c:313:6:SPI1_IRQHandler	8	static
stm32f4xx_it.c:327:6:USART1_IRQHandler	8	static
stm32f4xx_it.c:341:6:USART2_IRQHandler	8	static
stm32f4xx_it.c:355:6:DMA2_Stream3_IRQHandler	8	static
