main.c:90:5:main	16	static
main.c:148:6:SystemClock_Config	88	static
main.c:193:13:MX_ADC1_Init	24	static
main.c:259:13:MX_I2C1_Init	8	static
main.c:293:13:MX_TIM2_Init	64	static
main.c:352:13:MX_TIM3_Init	32	static
main.c:397:13:MX_USART2_UART_Init	8	static
main.c:428:13:MX_DMA_Init	16	static
main.c:453:13:MX_GPIO_Init	48	static
main.c:485:6:HAL_GPIO_EXTI_Callback	16	static
main.c:496:6:HAL_UART_TxCpltCallback	16	static
main.c:502:6:HAL_ADC_ConvCpltCallback	192	static
main.c:515:6:HAL_I2C_MasterRxCpltCallback	88	static
main.c:527:6:Error_Handler	4	static,ignoring_inline_asm
