main.c:99:5:main	8	static
main.c:150:6:SystemClock_Config	88	static
main.c:192:13:MX_TIM2_Init	64	static
main.c:247:13:MX_TIM11_Init	8	static
main.c:276:13:MX_USART1_UART_Init	8	static
main.c:307:13:MX_USART2_UART_Init	8	static
main.c:338:13:MX_GPIO_Init	48	static
main.c:369:6:sendString	24	static
main.c:380:6:sendByte	16	static
main.c:398:6:HAL_TIM_PeriodElapsedCallback	16	static
main.c:428:6:HAL_UART_RxCpltCallback	16	static
main.c:438:6:HAL_UART_TxCpltCallback	16	static
main.c:449:6:Error_Handler	4	static,ignoring_inline_asm
