main.c:103:5:main	8	static
main.c:168:6:SystemClock_Config	88	static
main.c:210:13:MX_I2C1_Init	8	static
main.c:242:13:MX_TIM1_Init	32	static
main.c:285:13:MX_TIM2_Init	64	static
main.c:340:13:MX_TIM11_Init	8	static
main.c:369:13:MX_USART1_UART_Init	8	static
main.c:400:13:MX_USART2_UART_Init	8	static
main.c:429:13:MX_DMA_Init	16	static
main.c:449:13:MX_GPIO_Init	48	static
main.c:506:6:sendString	24	static
main.c:517:6:sendByte	16	static
main.c:535:6:HAL_TIM_PeriodElapsedCallback	96	static
main.c:582:6:HAL_UART_RxCpltCallback	32	static
main.c:603:19:sampleDMA	16	static
main.c:612:6:sendSampleDMA	24	static
main.c:625:7:convertToFloat	16	static
main.c:635:6:Error_Handler	4	static,ignoring_inline_asm
