PMDB16_LCD.c:33:6:lcd_enable	8	static
PMDB16_LCD.c:43:6:lcd_write4	16	static
PMDB16_LCD.c:52:6:lcd_write	16	static
PMDB16_LCD.c:66:6:lcd_command	16	static
PMDB16_LCD.c:71:6:lcd_clear	8	static
PMDB16_LCD.c:76:6:lcd_data	16	static
PMDB16_LCD.c:82:6:setCursor	16	static
PMDB16_LCD.c:89:6:lcd_print	24	static
PMDB16_LCD.c:98:6:lcd_println	48	static
PMDB16_LCD.c:114:6:writeCustomChar	24	static
PMDB16_LCD.c:122:6:loadCustomChars	8	static
PMDB16_LCD.c:130:6:lcd_drawBar	32	static
PMDB16_LCD.c:157:6:lcd_initialize	8	static
PMDB16_LCD.c:186:6:lcd_backlight_ON	8	static
PMDB16_LCD.c:190:6:lcd_backlight_OFF	8	static
