main.c:108:5:main	24	static
main.c:163:6:SystemClock_Config	88	static
main.c:205:13:MX_I2C1_Init	8	static
main.c:237:13:MX_TIM11_Init	8	static
main.c:266:13:MX_USART2_UART_Init	8	static
main.c:295:13:MX_DMA_Init	16	static
main.c:312:13:MX_GPIO_Init	48	static
main.c:344:6:HAL_TIM_PeriodElapsedCallback	16	static
main.c:355:19:init	8	static
main.c:384:7:convertToAcc	16	static
main.c:395:7:convertToFloat	16	static
main.c:407:19:writeReg	32	static
main.c:418:19:readReg	40	static
main.c:434:19:sample	40	static
main.c:480:6:printSampleDMA	128	static
main.c:493:6:Error_Handler	4	static,ignoring_inline_asm
